Analyzing dashboard_screen.dart, log_slip_modal.dart, user_model.dart, dashboard_viewmodel.dart...

  error - lib\features\dashboard\widgets\log_slip_modal.dart:41:42 - The class 'EdgeInsets' doesn't have a constant constructor 'bottom'. Try calling a different constructor. - const_with_undefined_constructor
  error - lib\features\dashboard\widgets\log_slip_modal.dart:48:42 - The class 'EdgeInsets' doesn't have a constant constructor 'bottom'. Try calling a different constructor. - const_with_undefined_constructor
   info - lib\features\dashboard\views\dashboard_screen.dart:48:41 - 'withOpacity' is deprecated and shouldn't be used. Use .withValues() to avoid precision loss. Try replacing the use of the deprecated member with the replacement. - deprecated_member_use
   info - lib\features\dashboard\views\dashboard_screen.dart:49:60 - 'withOpacity' is deprecated and shouldn't be used. Use .withValues() to avoid precision loss. Try replacing the use of the deprecated member with the replacement. - deprecated_member_use
   info - lib\features\dashboard\views\dashboard_screen.dart:108:58 - 'withOpacity' is deprecated and shouldn't be used. Use .withValues() to avoid precision loss. Try replacing the use of the deprecated member with the replacement. - deprecated_member_use
   info - lib\features\dashboard\views\dashboard_screen.dart:218:49 - 'withOpacity' is deprecated and shouldn't be used. Use .withValues() to avoid precision loss. Try replacing the use of the deprecated member with the replacement. - deprecated_member_use
   info - lib\features\dashboard\views\dashboard_screen.dart:223:31 - 'withOpacity' is deprecated and shouldn't be used. Use .withValues() to avoid precision loss. Try replacing the use of the deprecated member with the replacement. - deprecated_member_use
   info - lib\features\dashboard\views\dashboard_screen.dart:244:11 - Use 'const' with the constructor to improve performance. Try adding the 'const' keyword to the constructor invocation. - prefer_const_constructors
   info - lib\features\dashboard\views\dashboard_screen.dart:246:23 - Use 'const' literals as arguments to constructors of '@immutable' classes. Try adding 'const' before the literal. - prefer_const_literals_to_create_immutables
   info - lib\features\dashboard\views\dashboard_screen.dart:277:54 - 'withOpacity' is deprecated and shouldn't be used. Use .withValues() to avoid precision loss. Try replacing the use of the deprecated member with the replacement. - deprecated_member_use
   info - lib\features\dashboard\views\dashboard_screen.dart:339:23 - 'RegExp' is deprecated and shouldn't be used. This class will become 'final' in a future release. 'Pattern' may be a more appropriate interface to implement. Try replacing the use of the deprecated member with the replacement. - deprecated_member_use
   info - lib\features\dashboard\views\dashboard_screen.dart:370:48 - 'withOpacity' is deprecated and shouldn't be used. Use .withValues() to avoid precision loss. Try replacing the use of the deprecated member with the replacement. - deprecated_member_use
   info - lib\features\dashboard\views\dashboard_screen.dart:374:48 - 'withOpacity' is deprecated and shouldn't be used. Use .withValues() to avoid precision loss. Try replacing the use of the deprecated member with the replacement. - deprecated_member_use
   info - lib\features\dashboard\views\dashboard_screen.dart:395:40 - 'withOpacity' is deprecated and shouldn't be used. Use .withValues() to avoid precision loss. Try replacing the use of the deprecated member with the replacement. - deprecated_member_use
   info - lib\features\dashboard\views\dashboard_screen.dart:397:59 - 'withOpacity' is deprecated and shouldn't be used. Use .withValues() to avoid precision loss. Try replacing the use of the deprecated member with the replacement. - deprecated_member_use
   info - lib\features\dashboard\views\dashboard_screen.dart:429:50 - 'withOpacity' is deprecated and shouldn't be used. Use .withValues() to avoid precision loss. Try replacing the use of the deprecated member with the replacement. - deprecated_member_use
   info - lib\features\dashboard\views\dashboard_screen.dart:437:42 - 'withOpacity' is deprecated and shouldn't be used. Use .withValues() to avoid precision loss. Try replacing the use of the deprecated member with the replacement. - deprecated_member_use
   info - lib\features\dashboard\views\dashboard_screen.dart:489:56 - 'withOpacity' is deprecated and shouldn't be used. Use .withValues() to avoid precision loss. Try replacing the use of the deprecated member with the replacement. - deprecated_member_use
   info - lib\features\dashboard\views\dashboard_screen.dart:525:56 - 'withOpacity' is deprecated and shouldn't be used. Use .withValues() to avoid precision loss. Try replacing the use of the deprecated member with the replacement. - deprecated_member_use
   info - lib\features\dashboard\views\dashboard_screen.dart:569:50 - 'withOpacity' is deprecated and shouldn't be used. Use .withValues() to avoid precision loss. Try replacing the use of the deprecated member with the replacement. - deprecated_member_use
   info - lib\features\dashboard\views\dashboard_screen.dart:617:47 - 'withOpacity' is deprecated and shouldn't be used. Use .withValues() to avoid precision loss. Try replacing the use of the deprecated member with the replacement. - deprecated_member_use
   info - lib\features\dashboard\views\dashboard_screen.dart:690:37 - 'withOpacity' is deprecated and shouldn't be used. Use .withValues() to avoid precision loss. Try replacing the use of the deprecated member with the replacement. - deprecated_member_use
   info - lib\features\dashboard\views\dashboard_screen.dart:692:56 - 'withOpacity' is deprecated and shouldn't be used. Use .withValues() to avoid precision loss. Try replacing the use of the deprecated member with the replacement. - deprecated_member_use
   info - lib\features\dashboard\views\dashboard_screen.dart:743:41 - 'withOpacity' is deprecated and shouldn't be used. Use .withValues() to avoid precision loss. Try replacing the use of the deprecated member with the replacement. - deprecated_member_use
   info - lib\features\dashboard\views\dashboard_screen.dart:785:65 - 'withOpacity' is deprecated and shouldn't be used. Use .withValues() to avoid precision loss. Try replacing the use of the deprecated member with the replacement. - deprecated_member_use
   info - lib\features\dashboard\widgets\log_slip_modal.dart:24:52 - 'withOpacity' is deprecated and shouldn't be used. Use .withValues() to avoid precision loss. Try replacing the use of the deprecated member with the replacement. - deprecated_member_use
   info - lib\features\dashboard\widgets\log_slip_modal.dart:38:44 - 'withOpacity' is deprecated and shouldn't be used. Use .withValues() to avoid precision loss. Try replacing the use of the deprecated member with the replacement. - deprecated_member_use
   info - lib\features\dashboard\widgets\log_slip_modal.dart:50:44 - 'withOpacity' is deprecated and shouldn't be used. Use .withValues() to avoid precision loss. Try replacing the use of the deprecated member with the replacement. - deprecated_member_use
   info - lib\features\dashboard\widgets\log_slip_modal.dart:52:63 - 'withOpacity' is deprecated and shouldn't be used. Use .withValues() to avoid precision loss. Try replacing the use of the deprecated member with the replacement. - deprecated_member_use
   info - lib\features\dashboard\widgets\log_slip_modal.dart:99:48 - 'withOpacity' is deprecated and shouldn't be used. Use .withValues() to avoid precision loss. Try replacing the use of the deprecated member with the replacement. - deprecated_member_use
   info - lib\features\dashboard\widgets\log_slip_modal.dart:100:67 - 'withOpacity' is deprecated and shouldn't be used. Use .withValues() to avoid precision loss. Try replacing the use of the deprecated member with the replacement. - deprecated_member_use
   info - lib\features\dashboard\widgets\log_slip_modal.dart:129:54 - 'withOpacity' is deprecated and shouldn't be used. Use .withValues() to avoid precision loss. Try replacing the use of the deprecated member with the replacement. - deprecated_member_use
   info - lib\features\dashboard\widgets\log_slip_modal.dart:149:41 - 'withOpacity' is deprecated and shouldn't be used. Use .withValues() to avoid precision loss. Try replacing the use of the deprecated member with the replacement. - deprecated_member_use
   info - lib\features\dashboard\widgets\log_slip_modal.dart:151:41 - 'withOpacity' is deprecated and shouldn't be used. Use .withValues() to avoid precision loss. Try replacing the use of the deprecated member with the replacement. - deprecated_member_use
   info - lib\features\dashboard\widgets\log_slip_modal.dart:155:63 - 'withOpacity' is deprecated and shouldn't be used. Use .withValues() to avoid precision loss. Try replacing the use of the deprecated member with the replacement. - deprecated_member_use
   info - lib\features\dashboard\widgets\log_slip_modal.dart:183:52 - 'withOpacity' is deprecated and shouldn't be used. Use .withValues() to avoid precision loss. Try replacing the use of the deprecated member with the replacement. - deprecated_member_use

36 issues found.
